------------------------------------------------------------
Timing Analyzer Summary
------------------------------------------------------------

Type  : Slow 1200mV 85C Model Setup 'instructionMemory:IM|altsyncram:altsyncram_component|altsyncram_38e1:auto_generated|ram_block1a0~porta_address_reg0'
Slack : -10.430
TNS   : -326.666

Type  : Slow 1200mV 85C Model Setup 'clk'
Slack : -9.488
TNS   : -301.934

Type  : Slow 1200mV 85C Model Hold 'instructionMemory:IM|altsyncram:altsyncram_component|altsyncram_38e1:auto_generated|ram_block1a0~porta_address_reg0'
Slack : -1.606
TNS   : -32.412

Type  : Slow 1200mV 85C Model Hold 'clk'
Slack : -0.153
TNS   : -0.189

Type  : Slow 1200mV 85C Model Minimum Pulse Width 'clk'
Slack : -3.000
TNS   : -75.690

Type  : Slow 1200mV 85C Model Minimum Pulse Width 'instructionMemory:IM|altsyncram:altsyncram_component|altsyncram_38e1:auto_generated|ram_block1a0~porta_address_reg0'
Slack : 0.320
TNS   : 0.000

Type  : Slow 1200mV 0C Model Setup 'instructionMemory:IM|altsyncram:altsyncram_component|altsyncram_38e1:auto_generated|ram_block1a0~porta_address_reg0'
Slack : -9.826
TNS   : -304.695

Type  : Slow 1200mV 0C Model Setup 'clk'
Slack : -8.754
TNS   : -278.813

Type  : Slow 1200mV 0C Model Hold 'instructionMemory:IM|altsyncram:altsyncram_component|altsyncram_38e1:auto_generated|ram_block1a0~porta_address_reg0'
Slack : -1.648
TNS   : -34.852

Type  : Slow 1200mV 0C Model Hold 'clk'
Slack : -0.105
TNS   : -0.105

Type  : Slow 1200mV 0C Model Minimum Pulse Width 'clk'
Slack : -3.000
TNS   : -74.978

Type  : Slow 1200mV 0C Model Minimum Pulse Width 'instructionMemory:IM|altsyncram:altsyncram_component|altsyncram_38e1:auto_generated|ram_block1a0~porta_address_reg0'
Slack : 0.361
TNS   : 0.000

Type  : Fast 1200mV 0C Model Setup 'instructionMemory:IM|altsyncram:altsyncram_component|altsyncram_38e1:auto_generated|ram_block1a0~porta_address_reg0'
Slack : -4.296
TNS   : -133.339

Type  : Fast 1200mV 0C Model Setup 'clk'
Slack : -4.008
TNS   : -113.699

Type  : Fast 1200mV 0C Model Hold 'instructionMemory:IM|altsyncram:altsyncram_component|altsyncram_38e1:auto_generated|ram_block1a0~porta_address_reg0'
Slack : -0.881
TNS   : -17.936

Type  : Fast 1200mV 0C Model Hold 'clk'
Slack : -0.526
TNS   : -1.000

Type  : Fast 1200mV 0C Model Minimum Pulse Width 'clk'
Slack : -3.000
TNS   : -50.856

Type  : Fast 1200mV 0C Model Minimum Pulse Width 'instructionMemory:IM|altsyncram:altsyncram_component|altsyncram_38e1:auto_generated|ram_block1a0~porta_address_reg0'
Slack : 0.217
TNS   : 0.000

------------------------------------------------------------
