------------------------------------------------------------
Timing Analyzer Summary
------------------------------------------------------------

Type  : Slow 1200mV 85C Model Setup 'clk'
Slack : 8.549
TNS   : 0.000

Type  : Slow 1200mV 85C Model Hold 'clk'
Slack : 0.338
TNS   : 0.000

Type  : Slow 1200mV 85C Model Recovery 'clk'
Slack : 8.496
TNS   : 0.000

Type  : Slow 1200mV 85C Model Removal 'clk'
Slack : 2.421
TNS   : 0.000

Type  : Slow 1200mV 85C Model Minimum Pulse Width 'clk'
Slack : 5.472
TNS   : 0.000

Type  : Slow 1200mV 0C Model Setup 'clk'
Slack : 8.617
TNS   : 0.000

Type  : Slow 1200mV 0C Model Hold 'clk'
Slack : 0.304
TNS   : 0.000

Type  : Slow 1200mV 0C Model Recovery 'clk'
Slack : 8.583
TNS   : 0.000

Type  : Slow 1200mV 0C Model Removal 'clk'
Slack : 2.423
TNS   : 0.000

Type  : Slow 1200mV 0C Model Minimum Pulse Width 'clk'
Slack : 5.502
TNS   : 0.000

Type  : Fast 1200mV 0C Model Setup 'clk'
Slack : 8.961
TNS   : 0.000

Type  : Fast 1200mV 0C Model Hold 'clk'
Slack : 0.145
TNS   : 0.000

Type  : Fast 1200mV 0C Model Recovery 'clk'
Slack : 8.910
TNS   : 0.000

Type  : Fast 1200mV 0C Model Removal 'clk'
Slack : 1.991
TNS   : 0.000

Type  : Fast 1200mV 0C Model Minimum Pulse Width 'clk'
Slack : 5.200
TNS   : 0.000

------------------------------------------------------------
