------------------------------------------------------------
Timing Analyzer Summary
------------------------------------------------------------

Type  : Slow 1200mV 85C Model Setup 'clk'
Slack : 10.454
TNS   : 0.000

Type  : Slow 1200mV 85C Model Hold 'clk'
Slack : 0.340
TNS   : 0.000

Type  : Slow 1200mV 85C Model Recovery 'clk'
Slack : 10.108
TNS   : 0.000

Type  : Slow 1200mV 85C Model Removal 'clk'
Slack : 4.505
TNS   : 0.000

Type  : Slow 1200mV 85C Model Minimum Pulse Width 'clk'
Slack : 14.094
TNS   : 0.000

Type  : Slow 1200mV 0C Model Setup 'clk'
Slack : 11.711
TNS   : 0.000

Type  : Slow 1200mV 0C Model Hold 'clk'
Slack : 0.304
TNS   : 0.000

Type  : Slow 1200mV 0C Model Recovery 'clk'
Slack : 11.497
TNS   : 0.000

Type  : Slow 1200mV 0C Model Removal 'clk'
Slack : 4.092
TNS   : 0.000

Type  : Slow 1200mV 0C Model Minimum Pulse Width 'clk'
Slack : 14.110
TNS   : 0.000

Type  : Fast 1200mV 0C Model Setup 'clk'
Slack : 12.913
TNS   : 0.000

Type  : Fast 1200mV 0C Model Hold 'clk'
Slack : 0.147
TNS   : 0.000

Type  : Fast 1200mV 0C Model Recovery 'clk'
Slack : 20.218
TNS   : 0.000

Type  : Fast 1200mV 0C Model Removal 'clk'
Slack : 2.093
TNS   : 0.000

Type  : Fast 1200mV 0C Model Minimum Pulse Width 'clk'
Slack : 13.912
TNS   : 0.000

------------------------------------------------------------
