------------------------------------------------------------
Timing Analyzer Summary
------------------------------------------------------------

Type  : Slow 1200mV 85C Model Setup 'clk'
Slack : 10.490
TNS   : 0.000

Type  : Slow 1200mV 85C Model Hold 'clk'
Slack : 0.341
TNS   : 0.000

Type  : Slow 1200mV 85C Model Recovery 'clk'
Slack : 10.055
TNS   : 0.000

Type  : Slow 1200mV 85C Model Removal 'clk'
Slack : 6.911
TNS   : 0.000

Type  : Slow 1200mV 85C Model Minimum Pulse Width 'clk'
Slack : 14.089
TNS   : 0.000

Type  : Slow 1200mV 0C Model Setup 'clk'
Slack : 11.802
TNS   : 0.000

Type  : Slow 1200mV 0C Model Hold 'clk'
Slack : 0.305
TNS   : 0.000

Type  : Slow 1200mV 0C Model Recovery 'clk'
Slack : 11.427
TNS   : 0.000

Type  : Slow 1200mV 0C Model Removal 'clk'
Slack : 6.248
TNS   : 0.000

Type  : Slow 1200mV 0C Model Minimum Pulse Width 'clk'
Slack : 14.113
TNS   : 0.000

Type  : Fast 1200mV 0C Model Setup 'clk'
Slack : 12.902
TNS   : 0.000

Type  : Fast 1200mV 0C Model Hold 'clk'
Slack : 0.148
TNS   : 0.000

Type  : Fast 1200mV 0C Model Recovery 'clk'
Slack : 20.030
TNS   : 0.000

Type  : Fast 1200mV 0C Model Removal 'clk'
Slack : 3.166
TNS   : 0.000

Type  : Fast 1200mV 0C Model Minimum Pulse Width 'clk'
Slack : 13.911
TNS   : 0.000

------------------------------------------------------------
