------------------------------------------------------------
Timing Analyzer Summary
------------------------------------------------------------

Type  : Slow 1200mV 85C Model Setup 'clk'
Slack : 10.589
TNS   : 0.000

Type  : Slow 1200mV 85C Model Hold 'clk'
Slack : 0.341
TNS   : 0.000

Type  : Slow 1200mV 85C Model Recovery 'clk'
Slack : 11.265
TNS   : 0.000

Type  : Slow 1200mV 85C Model Removal 'clk'
Slack : 3.592
TNS   : 0.000

Type  : Slow 1200mV 85C Model Minimum Pulse Width 'clk'
Slack : 14.091
TNS   : 0.000

Type  : Slow 1200mV 0C Model Setup 'clk'
Slack : 11.800
TNS   : 0.000

Type  : Slow 1200mV 0C Model Hold 'clk'
Slack : 0.305
TNS   : 0.000

Type  : Slow 1200mV 0C Model Recovery 'clk'
Slack : 12.519
TNS   : 0.000

Type  : Slow 1200mV 0C Model Removal 'clk'
Slack : 3.288
TNS   : 0.000

Type  : Slow 1200mV 0C Model Minimum Pulse Width 'clk'
Slack : 14.109
TNS   : 0.000

Type  : Fast 1200mV 0C Model Setup 'clk'
Slack : 12.911
TNS   : 0.000

Type  : Fast 1200mV 0C Model Hold 'clk'
Slack : 0.149
TNS   : 0.000

Type  : Fast 1200mV 0C Model Recovery 'clk'
Slack : 20.727
TNS   : 0.000

Type  : Fast 1200mV 0C Model Removal 'clk'
Slack : 1.575
TNS   : 0.000

Type  : Fast 1200mV 0C Model Minimum Pulse Width 'clk'
Slack : 13.916
TNS   : 0.000

------------------------------------------------------------
