------------------------------------------------------------
Timing Analyzer Summary
------------------------------------------------------------

Type  : Slow 1200mV 85C Model Setup 'clk'
Slack : -3.341
TNS   : -583.421

Type  : Slow 1200mV 85C Model Hold 'clk'
Slack : 0.291
TNS   : 0.000

Type  : Slow 1200mV 85C Model Recovery 'clk'
Slack : -1.895
TNS   : -350.346

Type  : Slow 1200mV 85C Model Removal 'clk'
Slack : 1.315
TNS   : 0.000

Type  : Slow 1200mV 85C Model Minimum Pulse Width 'clk'
Slack : 5.335
TNS   : 0.000

Type  : Slow 1200mV 0C Model Setup 'clk'
Slack : -2.356
TNS   : -202.370

Type  : Slow 1200mV 0C Model Hold 'clk'
Slack : 0.129
TNS   : 0.000

Type  : Slow 1200mV 0C Model Recovery 'clk'
Slack : -0.945
TNS   : -100.928

Type  : Slow 1200mV 0C Model Removal 'clk'
Slack : 1.249
TNS   : 0.000

Type  : Slow 1200mV 0C Model Minimum Pulse Width 'clk'
Slack : 5.352
TNS   : 0.000

Type  : Fast 1200mV 0C Model Setup 'clk'
Slack : 2.090
TNS   : 0.000

Type  : Fast 1200mV 0C Model Hold 'clk'
Slack : 0.161
TNS   : 0.000

Type  : Fast 1200mV 0C Model Recovery 'clk'
Slack : 3.346
TNS   : 0.000

Type  : Fast 1200mV 0C Model Removal 'clk'
Slack : 0.951
TNS   : 0.000

Type  : Fast 1200mV 0C Model Minimum Pulse Width 'clk'
Slack : 5.063
TNS   : 0.000

------------------------------------------------------------
