------------------------------------------------------------
Timing Analyzer Summary
------------------------------------------------------------

Type  : Slow 1200mV 85C Model Setup 'clk'
Slack : -0.023
TNS   : -0.023

Type  : Slow 1200mV 85C Model Hold 'clk'
Slack : 0.324
TNS   : 0.000

Type  : Slow 1200mV 85C Model Recovery 'clk'
Slack : 4.437
TNS   : 0.000

Type  : Slow 1200mV 85C Model Removal 'clk'
Slack : 1.267
TNS   : 0.000

Type  : Slow 1200mV 85C Model Minimum Pulse Width 'clk'
Slack : 6.537
TNS   : 0.000

Type  : Slow 1200mV 0C Model Setup 'clk'
Slack : 0.671
TNS   : 0.000

Type  : Slow 1200mV 0C Model Hold 'clk'
Slack : 0.289
TNS   : 0.000

Type  : Slow 1200mV 0C Model Recovery 'clk'
Slack : 4.471
TNS   : 0.000

Type  : Slow 1200mV 0C Model Removal 'clk'
Slack : 1.188
TNS   : 0.000

Type  : Slow 1200mV 0C Model Minimum Pulse Width 'clk'
Slack : 6.401
TNS   : 0.000

Type  : Fast 1200mV 0C Model Setup 'clk'
Slack : 3.722
TNS   : 0.000

Type  : Fast 1200mV 0C Model Hold 'clk'
Slack : 0.139
TNS   : 0.000

Type  : Fast 1200mV 0C Model Recovery 'clk'
Slack : 4.611
TNS   : 0.000

Type  : Fast 1200mV 0C Model Removal 'clk'
Slack : 1.764
TNS   : 0.000

Type  : Fast 1200mV 0C Model Minimum Pulse Width 'clk'
Slack : 6.498
TNS   : 0.000

------------------------------------------------------------
