------------------------------------------------------------
Timing Analyzer Summary
------------------------------------------------------------

Type  : Slow 1200mV 85C Model Setup 'clk'
Slack : 0.233
TNS   : 0.000

Type  : Slow 1200mV 85C Model Hold 'clk'
Slack : 0.324
TNS   : 0.000

Type  : Slow 1200mV 85C Model Recovery 'clk'
Slack : 4.437
TNS   : 0.000

Type  : Slow 1200mV 85C Model Removal 'clk'
Slack : 1.135
TNS   : 0.000

Type  : Slow 1200mV 85C Model Minimum Pulse Width 'clk'
Slack : 6.538
TNS   : 0.000

Type  : Slow 1200mV 0C Model Setup 'clk'
Slack : 0.732
TNS   : 0.000

Type  : Slow 1200mV 0C Model Hold 'clk'
Slack : 0.289
TNS   : 0.000

Type  : Slow 1200mV 0C Model Recovery 'clk'
Slack : 4.470
TNS   : 0.000

Type  : Slow 1200mV 0C Model Removal 'clk'
Slack : 1.079
TNS   : 0.000

Type  : Slow 1200mV 0C Model Minimum Pulse Width 'clk'
Slack : 6.409
TNS   : 0.000

Type  : Fast 1200mV 0C Model Setup 'clk'
Slack : 3.813
TNS   : 0.000

Type  : Fast 1200mV 0C Model Hold 'clk'
Slack : 0.139
TNS   : 0.000

Type  : Fast 1200mV 0C Model Recovery 'clk'
Slack : 4.610
TNS   : 0.000

Type  : Fast 1200mV 0C Model Removal 'clk'
Slack : 1.765
TNS   : 0.000

Type  : Fast 1200mV 0C Model Minimum Pulse Width 'clk'
Slack : 6.501
TNS   : 0.000

------------------------------------------------------------
