------------------------------------------------------------
Timing Analyzer Summary
------------------------------------------------------------

Type  : Slow 1200mV 85C Model Setup 'clk'
Slack : 0.007
TNS   : 0.000

Type  : Slow 1200mV 85C Model Hold 'clk'
Slack : 0.323
TNS   : 0.000

Type  : Slow 1200mV 85C Model Recovery 'clk'
Slack : 3.294
TNS   : 0.000

Type  : Slow 1200mV 85C Model Removal 'clk'
Slack : 1.563
TNS   : 0.000

Type  : Slow 1200mV 85C Model Minimum Pulse Width 'clk'
Slack : 5.338
TNS   : 0.000

Type  : Slow 1200mV 0C Model Setup 'clk'
Slack : 0.404
TNS   : 0.000

Type  : Slow 1200mV 0C Model Hold 'clk'
Slack : 0.289
TNS   : 0.000

Type  : Slow 1200mV 0C Model Recovery 'clk'
Slack : 3.333
TNS   : 0.000

Type  : Slow 1200mV 0C Model Removal 'clk'
Slack : 1.609
TNS   : 0.000

Type  : Slow 1200mV 0C Model Minimum Pulse Width 'clk'
Slack : 5.357
TNS   : 0.000

Type  : Fast 1200mV 0C Model Setup 'clk'
Slack : 2.926
TNS   : 0.000

Type  : Fast 1200mV 0C Model Hold 'clk'
Slack : 0.140
TNS   : 0.000

Type  : Fast 1200mV 0C Model Recovery 'clk'
Slack : 3.527
TNS   : 0.000

Type  : Fast 1200mV 0C Model Removal 'clk'
Slack : 1.794
TNS   : 0.000

Type  : Fast 1200mV 0C Model Minimum Pulse Width 'clk'
Slack : 5.167
TNS   : 0.000

------------------------------------------------------------
